// Jest Snapshot v1, https://goo.gl/fbAQLP

exports[`SafeAreView render 1`] = `
<RCTSafeAreaView
  emulateUnlessSupported={true}
  style={
    Array [
      undefined,
      Object {
        "paddingTop": undefined,
      },
    ]
  }
/>
`;
